// Vitest Snapshot v1, https://vitest.dev/guide/snapshot.html

exports[`audit_project (fixture) > returns consistent totals (MCP-10) and is deterministic (MCP-4) 1`] = `
{
  "byFile": [
    {
      "byRule": {
        "color-literal": 3,
        "inline-style": 1,
        "non-text-contrast": 1,
        "tailwind-arbitrary-value": 6,
        "theme-contrast": 1,
        "unknown-token": 1,
      },
      "error": 9,
      "file": "app/page.tsx",
      "info": 2,
      "warning": 2,
    },
    {
      "byRule": {
        "color-literal": 2,
        "theme-contrast": 2,
        "unknown-token": 1,
      },
      "error": 4,
      "file": "app/globals.css",
      "info": 0,
      "warning": 1,
    },
    {
      "byRule": {
        "class-contrast": 1,
      },
      "error": 1,
      "file": "components/Badge.tsx",
      "info": 0,
      "warning": 0,
    },
  ],
  "byRule": {
    "class-contrast": {
      "error": 1,
    },
    "color-literal": {
      "error": 5,
    },
    "inline-style": {
      "info": 1,
    },
    "non-text-contrast": {
      "warning": 1,
    },
    "tailwind-arbitrary-value": {
      "error": 5,
      "info": 1,
    },
    "theme-contrast": {
      "error": 1,
      "warning": 2,
    },
    "unknown-token": {
      "error": 2,
    },
  },
  "configSource": "facha-ui.config.json",
  "filesScanned": 3,
  "filesWithViolations": 3,
  "health": [
    {
      "against": {
        "dark": "--color-card",
        "light": "--color-canvas",
      },
      "breaksIn": [
        "light",
        "dark",
      ],
      "kind": "token-contrast",
      "minRatio": 4.5,
      "ratios": {
        "dark": 1.19,
        "light": 1.19,
      },
      "role": "border.default",
      "status": "fails-everywhere",
      "token": "--color-line",
      "usagesAsTextColor": 1,
      "values": {
        "dark": "#27272a",
        "light": "#e5e7eb",
      },
    },
  ],
  "ignored": 0,
  "skipped": [],
  "top": [
    {
      "all": 13,
      "error": 9,
      "file": "app/page.tsx",
    },
    {
      "all": 5,
      "error": 4,
      "file": "app/globals.css",
    },
    {
      "all": 1,
      "error": 1,
      "file": "components/Badge.tsx",
    },
  ],
  "totals": {
    "all": 19,
    "error": 14,
    "info": 2,
    "warning": 3,
  },
  "unresolved": 1,
}
`;

exports[`get_design_system (fixture) > parses tokens, configured themes, roles, coverage and decisions 1`] = `
{
  "assumptions": [
    "Framework autodetected: next-app (package.json depends on next and an app/ directory exists).",
  ],
  "componentClasses": [
    {
      "literals": [],
      "selector": ".title",
      "source": "app/globals.css:28",
      "tokens": [
        "--color-ink",
      ],
    },
    {
      "literals": [],
      "selector": ".caption",
      "source": "app/globals.css:29",
      "tokens": [
        "--color-ink-muted",
      ],
    },
    {
      "literals": [
        "#fee2e2",
      ],
      "selector": ".badge",
      "source": "app/globals.css:30",
      "tokens": [
        "--color-danger",
      ],
    },
    {
      "literals": [
        "#2563eb",
      ],
      "selector": ".link",
      "source": "app/globals.css:31",
      "tokens": [],
    },
    {
      "literals": [],
      "selector": ".ghost",
      "source": "app/globals.css:32",
      "tokens": [
        "--color-lines",
      ],
    },
    {
      "literals": [],
      "selector": ".card",
      "source": "app/globals.css:33",
      "tokens": [
        "--card-pad",
        "--color-card",
      ],
    },
    {
      "literals": [],
      "selector": ".hint",
      "source": "app/globals.css:34",
      "tokens": [
        "--color-line",
      ],
    },
  ],
  "configSource": "facha-ui.config.json",
  "copy": null,
  "coverage": {
    "missing": [
      "status.success",
      "status.warning",
      "status.info",
      "typography.family",
      "typography.scale",
      "shadow",
    ],
    "present": [
      "surface.base",
      "surface.raised",
      "text.primary",
      "text.secondary",
      "border.default",
      "accent.primary",
      "on-accent",
      "status.danger",
      "radius.scale",
      "spacing.scale",
    ],
    "requiredMissing": [],
  },
  "decisions": [
    {
      "date": "2026-01-15",
      "id": "dec-2026-01-15-home",
      "source": "design-system/decisions.md:3",
      "title": "Home: promo first",
    },
  ],
  "gaps": [
    {
      "kind": "literal-without-token",
      "note": "No token within ΔE 2 with a compatible role (nearest: --color-canvas at ΔE 5.8).",
      "values": [
        "#fee2e2",
      ],
      "where": "app/globals.css:30 (.badge)",
    },
  ],
  "guidelines": [
    {
      "id": "g1",
      "text": "Cards always sit on --color-card.",
    },
  ],
  "health": [
    {
      "against": {
        "dark": "--color-card",
        "light": "--color-canvas",
      },
      "breaksIn": [
        "light",
        "dark",
      ],
      "kind": "token-contrast",
      "minRatio": 4.5,
      "ratios": {
        "dark": 1.19,
        "light": 1.19,
      },
      "role": "border.default",
      "status": "fails-everywhere",
      "token": "--color-line",
      "usagesAsTextColor": 1,
      "values": {
        "dark": "#27272a",
        "light": "#e5e7eb",
      },
    },
  ],
  "project": {
    "decisionsFile": "design-system/decisions.md",
    "framework": "next-app",
    "lab": {
      "dir": "app/lab",
      "urlPattern": "/lab/{screen}/{variant}",
    },
    "preview": {
      "auth": "none",
      "baseUrl": "http://localhost:3000",
    },
    "root": "next-tw4-cssvars",
    "screenshotsDir": ".facha-ui/screenshots",
    "tailwind": {
      "detected": true,
      "themeMapped": false,
      "version": "4",
    },
    "themes": [
      {
        "default": true,
        "name": "light",
        "selector": ":root",
      },
      {
        "default": false,
        "name": "dark",
        "selector": ".dark",
      },
    ],
    "tokenSources": [
      "app/globals.css",
    ],
    "workspacePath": ".",
  },
  "rules": [
    {
      "id": "color-literal",
      "severity": "error",
      "summary": "Color literal (hex, rgb(), hsl(), oklch(), named color) outside the token definitions: CSS, style={{}}, bg-[#…], SVG fill/stroke.",
    },
    {
      "id": "tailwind-arbitrary-value",
      "severity": "error",
      "summary": "Arbitrary Tailwind values x-[…] and [prop:val]: error for typography, color, radius, shadow and spacing; warning for sizing/layout; info when the value is just var(--existing-token).",
    },
    {
      "id": "unknown-token",
      "severity": "error",
      "summary": "var(--x) where --x is not defined as a design token or as a local custom property.",
    },
    {
      "id": "inline-style",
      "severity": "info",
      "summary": "style={{…}} attribute: a signal of a missing class or component pattern.",
    },
    {
      "id": "tailwind-palette-color",
      "severity": "error",
      "summary": "Tailwind default-palette color utilities (text-gray-500, bg-white, border-slate-200…) in a project with its own tokens, unless the color is mapped in @theme or tailwind.useDefaultTheme is true. Suggests the closest project token.",
    },
    {
      "id": "tailwind-default-scale",
      "severity": "warning",
      "summary": "Tailwind default scales not mapped in @theme for radius, shadow, font size, tracking and leading (rounded-lg, shadow-md, text-sm, tracking-wide). Spacing, sizing, font weight and layout are accepted by default (tailwind.allowDefaultScale).",
    },
    {
      "id": "theme-contrast",
      "severity": "error",
      "summary": "Text color below contrast.minRatio against its real background in some theme: the rule's own background, or the reference surfaces. Error when the background is known (own background or surfaces declared in contrast.surfaces), warning when the surfaces were autodetected.",
    },
    {
      "id": "class-contrast",
      "severity": "error",
      "summary": "A class whose CSS rule sets a text color that fails contrast in some theme (the guardian cannot see it from the component otherwise). Same severity logic as theme-contrast.",
    },
    {
      "id": "non-text-contrast",
      "severity": "warning",
      "summary": "WCAG 1.4.11: borders and outlines of interactive parts, focus rings and SVG icons below contrast.nonTextMinRatio (3:1 by default) against their background.",
    },
    {
      "id": "a11y-img-alt",
      "severity": "error",
      "summary": "<img> (or next/image) without alt. alt="" is valid for decorative images.",
    },
    {
      "id": "a11y-control-label",
      "severity": "error",
      "summary": "input, select or textarea without a label: not inside <label>, no <label htmlFor> in the file, no aria-label(ledby) or title. A placeholder is not a label.",
    },
    {
      "id": "a11y-button-name",
      "severity": "error",
      "summary": "Button or link with no accessible name: no text, aria-label(ledby) or title (typically an icon-only button).",
    },
    {
      "id": "a11y-click-target",
      "severity": "warning",
      "summary": "onClick on a non-interactive element (div, span, li, td…) without role, tabIndex and a key handler: unreachable with the keyboard.",
    },
    {
      "id": "a11y-tabindex",
      "severity": "warning",
      "summary": "Positive tabIndex: the keyboard order no longer follows the visual order.",
    },
    {
      "id": "a11y-focus-visible",
      "severity": "warning",
      "summary": "The focus outline is removed (outline-none, focus:outline-none, or outline: none in a :focus rule) with no visible focus replacement.",
    },
    {
      "id": "a11y-target-size",
      "severity": "warning",
      "summary": "Button or link smaller than 24×24 px by its size utilities and without padding (WCAG 2.5.8).",
    },
    {
      "id": "a11y-heading-order",
      "severity": "warning",
      "summary": "A heading level is skipped inside a file (h2 → h4): the outline screen readers navigate has a hole.",
    },
    {
      "id": "responsive-fixed-width",
      "severity": "warning",
      "summary": "A width or min-width wider than a phone (343px usable at 375px) outside a breakpoint or media query: the page scrolls sideways.",
    },
    {
      "id": "responsive-grid-columns",
      "severity": "warning",
      "summary": "A grid of 3 or more columns at every width (grid-cols-N without a breakpoint, or grid-template-columns without auto-fit or a media query).",
    },
    {
      "id": "responsive-table-scroll",
      "severity": "info",
      "summary": "A <table> with no horizontal scroll container in the same file: it overflows or gets clipped on a phone.",
    },
    {
      "id": "responsive-viewport-height",
      "severity": "info",
      "summary": "h-screen or height: 100vh: on phones it includes the area under the address bar; dvh follows the visible height.",
    },
    {
      "id": "copy-vague-label",
      "severity": "warning",
      "summary": "Link or button text that does not say what it does ("Click aquí", "Más", "OK", "Submit"): warning for links (WCAG 2.4.4), info for buttons.",
    },
    {
      "id": "copy-error-text",
      "severity": "info",
      "summary": "Error text that does not say what happened or what to do ("Ocurrió un error", "Something went wrong"), or shows technical details (status codes, exceptions).",
    },
    {
      "id": "copy-all-caps",
      "severity": "info",
      "summary": "UI text written in capitals in the code (2+ words): harder to read; use CSS text-transform when it is a style.",
    },
    {
      "id": "copy-term",
      "severity": "warning",
      "summary": "A word the team decided not to use (copy.terms in the config), with the product's word for it.",
    },
    {
      "id": "copy-voice",
      "severity": "warning",
      "summary": "A form of address that breaks the product's voice (copy.voice: vos, tú or usted), e.g. "puedes" in a product that says "podés".",
    },
  ],
  "scales": {
    "fontSize": {
      "classes": {
        "12px": [
          ".caption",
        ],
        "20px": [
          ".title",
        ],
      },
      "source": "inferred",
      "values": [
        "12px",
        "14px",
        "20px",
      ],
    },
    "radius": {
      "source": "tokens",
      "values": [
        "4px (--radius-sm)",
        "8px (--radius-md)",
      ],
    },
    "spacing": {
      "source": "tailwind-default",
    },
  },
  "status": "partial",
  "tokens": [
    {
      "comment": "page background",
      "name": "--color-canvas",
      "role": "surface.base",
      "source": "app/globals.css:4",
      "type": "color",
      "values": {
        "dark": "#0b0b0c",
        "light": "#fafafa",
      },
    },
    {
      "comment": null,
      "name": "--color-card",
      "role": "surface.raised",
      "source": "app/globals.css:5",
      "type": "color",
      "values": {
        "dark": "#18181b",
        "light": "#ffffff",
      },
    },
    {
      "comment": null,
      "name": "--color-danger",
      "role": "status.danger",
      "source": "app/globals.css:11",
      "type": "color",
      "values": {
        "dark": "#f87171",
        "light": "#dc2626",
      },
    },
    {
      "comment": null,
      "name": "--color-ink",
      "role": "text.primary",
      "source": "app/globals.css:6",
      "type": "color",
      "values": {
        "dark": "#f4f4f5",
        "light": "#111827",
      },
    },
    {
      "comment": null,
      "name": "--color-ink-muted",
      "role": "text.secondary",
      "source": "app/globals.css:7",
      "type": "color",
      "values": {
        "dark": "#a1a1aa",
        "light": "#4b5563",
      },
    },
    {
      "comment": null,
      "name": "--color-line",
      "role": "border.default",
      "source": "app/globals.css:8",
      "type": "color",
      "values": {
        "dark": "#27272a",
        "light": "#e5e7eb",
      },
    },
    {
      "comment": null,
      "name": "--color-on-primary",
      "role": "on-accent",
      "source": "app/globals.css:10",
      "type": "color",
      "values": {
        "dark": "#ffffff",
        "light": "#ffffff",
      },
    },
    {
      "comment": null,
      "name": "--color-primary",
      "role": "accent.primary",
      "source": "app/globals.css:9",
      "type": "color",
      "values": {
        "dark": "#3b82f6",
        "light": "#2563eb",
      },
    },
    {
      "comment": null,
      "name": "--radius-md",
      "role": "radius",
      "source": "app/globals.css:13",
      "type": "length",
      "values": {
        "dark": "8px",
        "light": "8px",
      },
    },
    {
      "comment": null,
      "name": "--radius-sm",
      "role": "radius",
      "source": "app/globals.css:12",
      "type": "length",
      "values": {
        "dark": "4px",
        "light": "4px",
      },
    },
  ],
}
`;
